------------------------------------------------------------
TimeQuest Timing Analyzer Summary
------------------------------------------------------------

Type  : Slow 1100mV 85C Model Setup 'ID_EX_PIPE:inst14|instr_out[0]'
Slack : -16.831
TNS   : -481.977

Type  : Slow 1100mV 85C Model Setup 'KEY[0]'
Slack : -15.386
TNS   : -8585.791

Type  : Slow 1100mV 85C Model Setup 'IF_ID_pipe:inst6|instr_out[26]'
Slack : -14.828
TNS   : -122.067

Type  : Slow 1100mV 85C Model Setup 'inst4|inst4|vgaclk_inst|altera_pll_i|general[0].gpll~PLL_OUTPUT_COUNTER|divclk'
Slack : -11.569
TNS   : -627.574

Type  : Slow 1100mV 85C Model Setup 'CLOCK_50'
Slack : -3.209
TNS   : -22.666

Type  : Slow 1100mV 85C Model Setup 'clk_div:inst11|clock_10Hz_reg'
Slack : -1.525
TNS   : -7.977

Type  : Slow 1100mV 85C Model Setup 'clk_div:inst11|clock_1Khz_reg'
Slack : -1.496
TNS   : -7.499

Type  : Slow 1100mV 85C Model Setup 'clk_div:inst11|clock_1Mhz_reg'
Slack : -1.482
TNS   : -10.667

Type  : Slow 1100mV 85C Model Setup 'clk_div:inst11|clock_100Khz_reg'
Slack : -1.455
TNS   : -8.120

Type  : Slow 1100mV 85C Model Setup 'clk_div:inst11|clock_10Khz_reg'
Slack : -1.330
TNS   : -8.983

Type  : Slow 1100mV 85C Model Setup 'clk_div:inst11|clock_100hz_reg'
Slack : -1.319
TNS   : -7.439

Type  : Slow 1100mV 85C Model Hold 'KEY[0]'
Slack : -4.577
TNS   : -30.430

Type  : Slow 1100mV 85C Model Hold 'ID_EX_PIPE:inst14|instr_out[0]'
Slack : -0.249
TNS   : -0.549

Type  : Slow 1100mV 85C Model Hold 'CLOCK_50'
Slack : 0.119
TNS   : 0.000

Type  : Slow 1100mV 85C Model Hold 'inst4|inst4|vgaclk_inst|altera_pll_i|general[0].gpll~PLL_OUTPUT_COUNTER|divclk'
Slack : 0.282
TNS   : 0.000

Type  : Slow 1100mV 85C Model Hold 'clk_div:inst11|clock_1Khz_reg'
Slack : 0.785
TNS   : 0.000

Type  : Slow 1100mV 85C Model Hold 'clk_div:inst11|clock_1Mhz_reg'
Slack : 0.814
TNS   : 0.000

Type  : Slow 1100mV 85C Model Hold 'clk_div:inst11|clock_10Khz_reg'
Slack : 0.839
TNS   : 0.000

Type  : Slow 1100mV 85C Model Hold 'clk_div:inst11|clock_100Khz_reg'
Slack : 0.870
TNS   : 0.000

Type  : Slow 1100mV 85C Model Hold 'clk_div:inst11|clock_100hz_reg'
Slack : 0.880
TNS   : 0.000

Type  : Slow 1100mV 85C Model Hold 'clk_div:inst11|clock_10Hz_reg'
Slack : 0.887
TNS   : 0.000

Type  : Slow 1100mV 85C Model Hold 'IF_ID_pipe:inst6|instr_out[26]'
Slack : 1.777
TNS   : 0.000

Type  : Slow 1100mV 85C Model Recovery 'IF_ID_pipe:inst6|instr_out[26]'
Slack : -14.497
TNS   : -97.405

Type  : Slow 1100mV 85C Model Recovery 'ID_EX_PIPE:inst14|instr_out[0]'
Slack : -11.761
TNS   : -335.169

Type  : Slow 1100mV 85C Model Removal 'ID_EX_PIPE:inst14|instr_out[0]'
Slack : 0.740
TNS   : 0.000

Type  : Slow 1100mV 85C Model Removal 'IF_ID_pipe:inst6|instr_out[26]'
Slack : 1.731
TNS   : 0.000

Type  : Slow 1100mV 85C Model Minimum Pulse Width 'KEY[0]'
Slack : -2.636
TNS   : -2247.075

Type  : Slow 1100mV 85C Model Minimum Pulse Width 'clk_div:inst11|clock_1Mhz_reg'
Slack : -0.538
TNS   : -6.147

Type  : Slow 1100mV 85C Model Minimum Pulse Width 'clk_div:inst11|clock_10Khz_reg'
Slack : -0.538
TNS   : -5.382

Type  : Slow 1100mV 85C Model Minimum Pulse Width 'clk_div:inst11|clock_100hz_reg'
Slack : -0.538
TNS   : -4.625

Type  : Slow 1100mV 85C Model Minimum Pulse Width 'clk_div:inst11|clock_100Khz_reg'
Slack : -0.538
TNS   : -4.618

Type  : Slow 1100mV 85C Model Minimum Pulse Width 'clk_div:inst11|clock_1Khz_reg'
Slack : -0.538
TNS   : -4.618

Type  : Slow 1100mV 85C Model Minimum Pulse Width 'clk_div:inst11|clock_10Hz_reg'
Slack : -0.538
TNS   : -4.612

Type  : Slow 1100mV 85C Model Minimum Pulse Width 'IF_ID_pipe:inst6|instr_out[26]'
Slack : -0.220
TNS   : -1.078

Type  : Slow 1100mV 85C Model Minimum Pulse Width 'ID_EX_PIPE:inst14|instr_out[0]'
Slack : -0.136
TNS   : -0.289

Type  : Slow 1100mV 85C Model Minimum Pulse Width 'inst4|inst4|vgaclk_inst|altera_pll_i|general[0].gpll~FRACTIONAL_PLL|vcoph[0]'
Slack : 0.497
TNS   : 0.000

Type  : Slow 1100mV 85C Model Minimum Pulse Width 'CLOCK_50'
Slack : 9.135
TNS   : 0.000

Type  : Slow 1100mV 85C Model Minimum Pulse Width 'inst4|inst4|vgaclk_inst|altera_pll_i|general[0].gpll~PLL_OUTPUT_COUNTER|divclk'
Slack : 18.535
TNS   : 0.000

Type  : Slow 1100mV 0C Model Setup 'ID_EX_PIPE:inst14|instr_out[0]'
Slack : -16.127
TNS   : -470.367

Type  : Slow 1100mV 0C Model Setup 'KEY[0]'
Slack : -15.064
TNS   : -8260.042

Type  : Slow 1100mV 0C Model Setup 'IF_ID_pipe:inst6|instr_out[26]'
Slack : -14.367
TNS   : -118.362

Type  : Slow 1100mV 0C Model Setup 'inst4|inst4|vgaclk_inst|altera_pll_i|general[0].gpll~PLL_OUTPUT_COUNTER|divclk'
Slack : -11.218
TNS   : -603.817

Type  : Slow 1100mV 0C Model Setup 'CLOCK_50'
Slack : -3.021
TNS   : -20.708

Type  : Slow 1100mV 0C Model Setup 'clk_div:inst11|clock_10Hz_reg'
Slack : -1.575
TNS   : -8.063

Type  : Slow 1100mV 0C Model Setup 'clk_div:inst11|clock_1Khz_reg'
Slack : -1.534
TNS   : -7.470

Type  : Slow 1100mV 0C Model Setup 'clk_div:inst11|clock_1Mhz_reg'
Slack : -1.531
TNS   : -10.952

Type  : Slow 1100mV 0C Model Setup 'clk_div:inst11|clock_100Khz_reg'
Slack : -1.503
TNS   : -8.294

Type  : Slow 1100mV 0C Model Setup 'clk_div:inst11|clock_10Khz_reg'
Slack : -1.342
TNS   : -9.072

Type  : Slow 1100mV 0C Model Setup 'clk_div:inst11|clock_100hz_reg'
Slack : -1.334
TNS   : -7.349

Type  : Slow 1100mV 0C Model Hold 'KEY[0]'
Slack : -4.349
TNS   : -28.883

Type  : Slow 1100mV 0C Model Hold 'CLOCK_50'
Slack : -0.235
TNS   : -0.235

Type  : Slow 1100mV 0C Model Hold 'ID_EX_PIPE:inst14|instr_out[0]'
Slack : -0.084
TNS   : -0.162

Type  : Slow 1100mV 0C Model Hold 'inst4|inst4|vgaclk_inst|altera_pll_i|general[0].gpll~PLL_OUTPUT_COUNTER|divclk'
Slack : 0.262
TNS   : 0.000

Type  : Slow 1100mV 0C Model Hold 'clk_div:inst11|clock_1Khz_reg'
Slack : 0.728
TNS   : 0.000

Type  : Slow 1100mV 0C Model Hold 'clk_div:inst11|clock_1Mhz_reg'
Slack : 0.757
TNS   : 0.000

Type  : Slow 1100mV 0C Model Hold 'clk_div:inst11|clock_10Khz_reg'
Slack : 0.771
TNS   : 0.000

Type  : Slow 1100mV 0C Model Hold 'clk_div:inst11|clock_100hz_reg'
Slack : 0.806
TNS   : 0.000

Type  : Slow 1100mV 0C Model Hold 'clk_div:inst11|clock_100Khz_reg'
Slack : 0.808
TNS   : 0.000

Type  : Slow 1100mV 0C Model Hold 'clk_div:inst11|clock_10Hz_reg'
Slack : 0.815
TNS   : 0.000

Type  : Slow 1100mV 0C Model Hold 'IF_ID_pipe:inst6|instr_out[26]'
Slack : 1.569
TNS   : 0.000

Type  : Slow 1100mV 0C Model Recovery 'IF_ID_pipe:inst6|instr_out[26]'
Slack : -14.015
TNS   : -94.158

Type  : Slow 1100mV 0C Model Recovery 'ID_EX_PIPE:inst14|instr_out[0]'
Slack : -11.759
TNS   : -336.908

Type  : Slow 1100mV 0C Model Removal 'ID_EX_PIPE:inst14|instr_out[0]'
Slack : 1.053
TNS   : 0.000

Type  : Slow 1100mV 0C Model Removal 'IF_ID_pipe:inst6|instr_out[26]'
Slack : 1.450
TNS   : 0.000

Type  : Slow 1100mV 0C Model Minimum Pulse Width 'KEY[0]'
Slack : -2.636
TNS   : -2293.252

Type  : Slow 1100mV 0C Model Minimum Pulse Width 'clk_div:inst11|clock_1Mhz_reg'
Slack : -0.538
TNS   : -6.163

Type  : Slow 1100mV 0C Model Minimum Pulse Width 'clk_div:inst11|clock_10Khz_reg'
Slack : -0.538
TNS   : -5.394

Type  : Slow 1100mV 0C Model Minimum Pulse Width 'clk_div:inst11|clock_1Khz_reg'
Slack : -0.538
TNS   : -4.639

Type  : Slow 1100mV 0C Model Minimum Pulse Width 'clk_div:inst11|clock_100hz_reg'
Slack : -0.538
TNS   : -4.636

Type  : Slow 1100mV 0C Model Minimum Pulse Width 'clk_div:inst11|clock_10Hz_reg'
Slack : -0.538
TNS   : -4.620

Type  : Slow 1100mV 0C Model Minimum Pulse Width 'clk_div:inst11|clock_100Khz_reg'
Slack : -0.538
TNS   : -4.619

Type  : Slow 1100mV 0C Model Minimum Pulse Width 'IF_ID_pipe:inst6|instr_out[26]'
Slack : -0.310
TNS   : -1.698

Type  : Slow 1100mV 0C Model Minimum Pulse Width 'ID_EX_PIPE:inst14|instr_out[0]'
Slack : -0.150
TNS   : -0.424

Type  : Slow 1100mV 0C Model Minimum Pulse Width 'inst4|inst4|vgaclk_inst|altera_pll_i|general[0].gpll~FRACTIONAL_PLL|vcoph[0]'
Slack : 0.497
TNS   : 0.000

Type  : Slow 1100mV 0C Model Minimum Pulse Width 'CLOCK_50'
Slack : 9.142
TNS   : 0.000

Type  : Slow 1100mV 0C Model Minimum Pulse Width 'inst4|inst4|vgaclk_inst|altera_pll_i|general[0].gpll~PLL_OUTPUT_COUNTER|divclk'
Slack : 18.484
TNS   : 0.000

Type  : Fast 1100mV 85C Model Setup 'ID_EX_PIPE:inst14|instr_out[0]'
Slack : -8.966
TNS   : -244.593

Type  : Fast 1100mV 85C Model Setup 'KEY[0]'
Slack : -7.895
TNS   : -4413.528

Type  : Fast 1100mV 85C Model Setup 'IF_ID_pipe:inst6|instr_out[26]'
Slack : -7.884
TNS   : -62.206

Type  : Fast 1100mV 85C Model Setup 'inst4|inst4|vgaclk_inst|altera_pll_i|general[0].gpll~PLL_OUTPUT_COUNTER|divclk'
Slack : -6.429
TNS   : -344.490

Type  : Fast 1100mV 85C Model Setup 'CLOCK_50'
Slack : -2.061
TNS   : -14.994

Type  : Fast 1100mV 85C Model Setup 'clk_div:inst11|clock_10Hz_reg'
Slack : -0.446
TNS   : -2.283

Type  : Fast 1100mV 85C Model Setup 'clk_div:inst11|clock_1Mhz_reg'
Slack : -0.432
TNS   : -2.756

Type  : Fast 1100mV 85C Model Setup 'clk_div:inst11|clock_1Khz_reg'
Slack : -0.421
TNS   : -2.058

Type  : Fast 1100mV 85C Model Setup 'clk_div:inst11|clock_100Khz_reg'
Slack : -0.401
TNS   : -2.157

Type  : Fast 1100mV 85C Model Setup 'clk_div:inst11|clock_10Khz_reg'
Slack : -0.385
TNS   : -2.488

Type  : Fast 1100mV 85C Model Setup 'clk_div:inst11|clock_100hz_reg'
Slack : -0.352
TNS   : -2.043

Type  : Fast 1100mV 85C Model Hold 'KEY[0]'
Slack : -2.252
TNS   : -15.400

Type  : Fast 1100mV 85C Model Hold 'ID_EX_PIPE:inst14|instr_out[0]'
Slack : -0.474
TNS   : -4.009

Type  : Fast 1100mV 85C Model Hold 'CLOCK_50'
Slack : 0.112
TNS   : 0.000

Type  : Fast 1100mV 85C Model Hold 'inst4|inst4|vgaclk_inst|altera_pll_i|general[0].gpll~PLL_OUTPUT_COUNTER|divclk'
Slack : 0.145
TNS   : 0.000

Type  : Fast 1100mV 85C Model Hold 'clk_div:inst11|clock_1Khz_reg'
Slack : 0.306
TNS   : 0.000

Type  : Fast 1100mV 85C Model Hold 'clk_div:inst11|clock_10Khz_reg'
Slack : 0.351
TNS   : 0.000

Type  : Fast 1100mV 85C Model Hold 'clk_div:inst11|clock_100hz_reg'
Slack : 0.352
TNS   : 0.000

Type  : Fast 1100mV 85C Model Hold 'clk_div:inst11|clock_1Mhz_reg'
Slack : 0.353
TNS   : 0.000

Type  : Fast 1100mV 85C Model Hold 'clk_div:inst11|clock_100Khz_reg'
Slack : 0.363
TNS   : 0.000

Type  : Fast 1100mV 85C Model Hold 'clk_div:inst11|clock_10Hz_reg'
Slack : 0.369
TNS   : 0.000

Type  : Fast 1100mV 85C Model Hold 'IF_ID_pipe:inst6|instr_out[26]'
Slack : 0.907
TNS   : 0.000

Type  : Fast 1100mV 85C Model Recovery 'IF_ID_pipe:inst6|instr_out[26]'
Slack : -7.567
TNS   : -50.799

Type  : Fast 1100mV 85C Model Recovery 'ID_EX_PIPE:inst14|instr_out[0]'
Slack : -5.467
TNS   : -148.074

Type  : Fast 1100mV 85C Model Removal 'ID_EX_PIPE:inst14|instr_out[0]'
Slack : -0.259
TNS   : -0.459

Type  : Fast 1100mV 85C Model Removal 'IF_ID_pipe:inst6|instr_out[26]'
Slack : 1.177
TNS   : 0.000

Type  : Fast 1100mV 85C Model Minimum Pulse Width 'KEY[0]'
Slack : -2.174
TNS   : -1409.215

Type  : Fast 1100mV 85C Model Minimum Pulse Width 'ID_EX_PIPE:inst14|instr_out[0]'
Slack : -0.165
TNS   : -1.729

Type  : Fast 1100mV 85C Model Minimum Pulse Width 'IF_ID_pipe:inst6|instr_out[26]'
Slack : 0.046
TNS   : 0.000

Type  : Fast 1100mV 85C Model Minimum Pulse Width 'clk_div:inst11|clock_100hz_reg'
Slack : 0.125
TNS   : 0.000

Type  : Fast 1100mV 85C Model Minimum Pulse Width 'clk_div:inst11|clock_1Khz_reg'
Slack : 0.129
TNS   : 0.000

Type  : Fast 1100mV 85C Model Minimum Pulse Width 'clk_div:inst11|clock_1Mhz_reg'
Slack : 0.139
TNS   : 0.000

Type  : Fast 1100mV 85C Model Minimum Pulse Width 'clk_div:inst11|clock_10Hz_reg'
Slack : 0.143
TNS   : 0.000

Type  : Fast 1100mV 85C Model Minimum Pulse Width 'clk_div:inst11|clock_10Khz_reg'
Slack : 0.143
TNS   : 0.000

Type  : Fast 1100mV 85C Model Minimum Pulse Width 'clk_div:inst11|clock_100Khz_reg'
Slack : 0.157
TNS   : 0.000

Type  : Fast 1100mV 85C Model Minimum Pulse Width 'inst4|inst4|vgaclk_inst|altera_pll_i|general[0].gpll~FRACTIONAL_PLL|vcoph[0]'
Slack : 0.497
TNS   : 0.000

Type  : Fast 1100mV 85C Model Minimum Pulse Width 'CLOCK_50'
Slack : 9.144
TNS   : 0.000

Type  : Fast 1100mV 85C Model Minimum Pulse Width 'inst4|inst4|vgaclk_inst|altera_pll_i|general[0].gpll~PLL_OUTPUT_COUNTER|divclk'
Slack : 18.792
TNS   : 0.000

Type  : Fast 1100mV 0C Model Setup 'ID_EX_PIPE:inst14|instr_out[0]'
Slack : -7.951
TNS   : -219.111

Type  : Fast 1100mV 0C Model Setup 'IF_ID_pipe:inst6|instr_out[26]'
Slack : -6.972
TNS   : -55.477

Type  : Fast 1100mV 0C Model Setup 'KEY[0]'
Slack : -6.948
TNS   : -3761.618

Type  : Fast 1100mV 0C Model Setup 'inst4|inst4|vgaclk_inst|altera_pll_i|general[0].gpll~PLL_OUTPUT_COUNTER|divclk'
Slack : -5.976
TNS   : -314.486

Type  : Fast 1100mV 0C Model Setup 'CLOCK_50'
Slack : -1.640
TNS   : -11.579

Type  : Fast 1100mV 0C Model Setup 'clk_div:inst11|clock_10Hz_reg'
Slack : -0.383
TNS   : -1.872

Type  : Fast 1100mV 0C Model Setup 'clk_div:inst11|clock_1Mhz_reg'
Slack : -0.371
TNS   : -2.310

Type  : Fast 1100mV 0C Model Setup 'clk_div:inst11|clock_1Khz_reg'
Slack : -0.361
TNS   : -1.646

Type  : Fast 1100mV 0C Model Setup 'clk_div:inst11|clock_100Khz_reg'
Slack : -0.343
TNS   : -1.795

Type  : Fast 1100mV 0C Model Setup 'clk_div:inst11|clock_10Khz_reg'
Slack : -0.314
TNS   : -2.030

Type  : Fast 1100mV 0C Model Setup 'clk_div:inst11|clock_100hz_reg'
Slack : -0.286
TNS   : -1.618

Type  : Fast 1100mV 0C Model Hold 'KEY[0]'
Slack : -2.085
TNS   : -14.583

Type  : Fast 1100mV 0C Model Hold 'ID_EX_PIPE:inst14|instr_out[0]'
Slack : -0.285
TNS   : -1.820

Type  : Fast 1100mV 0C Model Hold 'CLOCK_50'
Slack : -0.140
TNS   : -0.237

Type  : Fast 1100mV 0C Model Hold 'inst4|inst4|vgaclk_inst|altera_pll_i|general[0].gpll~PLL_OUTPUT_COUNTER|divclk'
Slack : 0.132
TNS   : 0.000

Type  : Fast 1100mV 0C Model Hold 'clk_div:inst11|clock_1Khz_reg'
Slack : 0.259
TNS   : 0.000

Type  : Fast 1100mV 0C Model Hold 'clk_div:inst11|clock_100hz_reg'
Slack : 0.298
TNS   : 0.000

Type  : Fast 1100mV 0C Model Hold 'clk_div:inst11|clock_10Khz_reg'
Slack : 0.301
TNS   : 0.000

Type  : Fast 1100mV 0C Model Hold 'clk_div:inst11|clock_1Mhz_reg'
Slack : 0.301
TNS   : 0.000

Type  : Fast 1100mV 0C Model Hold 'clk_div:inst11|clock_10Hz_reg'
Slack : 0.310
TNS   : 0.000

Type  : Fast 1100mV 0C Model Hold 'clk_div:inst11|clock_100Khz_reg'
Slack : 0.321
TNS   : 0.000

Type  : Fast 1100mV 0C Model Hold 'IF_ID_pipe:inst6|instr_out[26]'
Slack : 0.813
TNS   : 0.000

Type  : Fast 1100mV 0C Model Recovery 'IF_ID_pipe:inst6|instr_out[26]'
Slack : -6.697
TNS   : -44.972

Type  : Fast 1100mV 0C Model Recovery 'ID_EX_PIPE:inst14|instr_out[0]'
Slack : -5.010
TNS   : -136.786

Type  : Fast 1100mV 0C Model Removal 'ID_EX_PIPE:inst14|instr_out[0]'
Slack : -0.109
TNS   : -0.114

Type  : Fast 1100mV 0C Model Removal 'IF_ID_pipe:inst6|instr_out[26]'
Slack : 0.953
TNS   : 0.000

Type  : Fast 1100mV 0C Model Minimum Pulse Width 'KEY[0]'
Slack : -2.174
TNS   : -1321.013

Type  : Fast 1100mV 0C Model Minimum Pulse Width 'ID_EX_PIPE:inst14|instr_out[0]'
Slack : -0.048
TNS   : -0.118

Type  : Fast 1100mV 0C Model Minimum Pulse Width 'clk_div:inst11|clock_100hz_reg'
Slack : 0.127
TNS   : 0.000

Type  : Fast 1100mV 0C Model Minimum Pulse Width 'clk_div:inst11|clock_1Khz_reg'
Slack : 0.127
TNS   : 0.000

Type  : Fast 1100mV 0C Model Minimum Pulse Width 'IF_ID_pipe:inst6|instr_out[26]'
Slack : 0.132
TNS   : 0.000

Type  : Fast 1100mV 0C Model Minimum Pulse Width 'clk_div:inst11|clock_1Mhz_reg'
Slack : 0.144
TNS   : 0.000

Type  : Fast 1100mV 0C Model Minimum Pulse Width 'clk_div:inst11|clock_10Hz_reg'
Slack : 0.145
TNS   : 0.000

Type  : Fast 1100mV 0C Model Minimum Pulse Width 'clk_div:inst11|clock_10Khz_reg'
Slack : 0.145
TNS   : 0.000

Type  : Fast 1100mV 0C Model Minimum Pulse Width 'clk_div:inst11|clock_100Khz_reg'
Slack : 0.160
TNS   : 0.000

Type  : Fast 1100mV 0C Model Minimum Pulse Width 'inst4|inst4|vgaclk_inst|altera_pll_i|general[0].gpll~FRACTIONAL_PLL|vcoph[0]'
Slack : 0.497
TNS   : 0.000

Type  : Fast 1100mV 0C Model Minimum Pulse Width 'CLOCK_50'
Slack : 9.155
TNS   : 0.000

Type  : Fast 1100mV 0C Model Minimum Pulse Width 'inst4|inst4|vgaclk_inst|altera_pll_i|general[0].gpll~PLL_OUTPUT_COUNTER|divclk'
Slack : 18.794
TNS   : 0.000

------------------------------------------------------------
