------------------------------------------------------------
TimeQuest Timing Analyzer Summary
------------------------------------------------------------

Type  : Slow 1100mV 85C Model Setup 'ID_EX_PIPE:inst14|instr_out[0]'
Slack : -16.122
TNS   : -498.949

Type  : Slow 1100mV 85C Model Setup 'inst4|inst4|vgaclk_inst|altera_pll_i|general[0].gpll~PLL_OUTPUT_COUNTER|divclk'
Slack : -10.037
TNS   : -277.619

Type  : Slow 1100mV 85C Model Setup 'KEY[0]'
Slack : -7.488
TNS   : -879.451

Type  : Slow 1100mV 85C Model Hold 'KEY[0]'
Slack : -6.277
TNS   : -126.633

Type  : Slow 1100mV 85C Model Hold 'inst4|inst4|vgaclk_inst|altera_pll_i|general[0].gpll~PLL_OUTPUT_COUNTER|divclk'
Slack : 0.271
TNS   : 0.000

Type  : Slow 1100mV 85C Model Hold 'ID_EX_PIPE:inst14|instr_out[0]'
Slack : 0.720
TNS   : 0.000

Type  : Slow 1100mV 85C Model Recovery 'ID_EX_PIPE:inst14|instr_out[0]'
Slack : -12.676
TNS   : -387.251

Type  : Slow 1100mV 85C Model Removal 'ID_EX_PIPE:inst14|instr_out[0]'
Slack : 0.402
TNS   : 0.000

Type  : Slow 1100mV 85C Model Minimum Pulse Width 'KEY[0]'
Slack : -2.636
TNS   : -724.932

Type  : Slow 1100mV 85C Model Minimum Pulse Width 'ID_EX_PIPE:inst14|instr_out[0]'
Slack : 0.138
TNS   : 0.000

Type  : Slow 1100mV 85C Model Minimum Pulse Width 'inst4|inst4|vgaclk_inst|altera_pll_i|general[0].gpll~FRACTIONAL_PLL|vcoph[0]'
Slack : 0.497
TNS   : 0.000

Type  : Slow 1100mV 85C Model Minimum Pulse Width 'CLOCK_50'
Slack : 9.949
TNS   : 0.000

Type  : Slow 1100mV 85C Model Minimum Pulse Width 'inst4|inst4|vgaclk_inst|altera_pll_i|general[0].gpll~PLL_OUTPUT_COUNTER|divclk'
Slack : 18.495
TNS   : 0.000

Type  : Slow 1100mV 0C Model Setup 'ID_EX_PIPE:inst14|instr_out[0]'
Slack : -15.976
TNS   : -497.376

Type  : Slow 1100mV 0C Model Setup 'inst4|inst4|vgaclk_inst|altera_pll_i|general[0].gpll~PLL_OUTPUT_COUNTER|divclk'
Slack : -9.834
TNS   : -272.209

Type  : Slow 1100mV 0C Model Setup 'KEY[0]'
Slack : -7.067
TNS   : -865.861

Type  : Slow 1100mV 0C Model Hold 'KEY[0]'
Slack : -6.158
TNS   : -125.267

Type  : Slow 1100mV 0C Model Hold 'inst4|inst4|vgaclk_inst|altera_pll_i|general[0].gpll~PLL_OUTPUT_COUNTER|divclk'
Slack : 0.258
TNS   : 0.000

Type  : Slow 1100mV 0C Model Hold 'ID_EX_PIPE:inst14|instr_out[0]'
Slack : 0.569
TNS   : 0.000

Type  : Slow 1100mV 0C Model Recovery 'ID_EX_PIPE:inst14|instr_out[0]'
Slack : -12.647
TNS   : -385.506

Type  : Slow 1100mV 0C Model Removal 'ID_EX_PIPE:inst14|instr_out[0]'
Slack : 0.389
TNS   : 0.000

Type  : Slow 1100mV 0C Model Minimum Pulse Width 'KEY[0]'
Slack : -2.636
TNS   : -689.207

Type  : Slow 1100mV 0C Model Minimum Pulse Width 'ID_EX_PIPE:inst14|instr_out[0]'
Slack : 0.158
TNS   : 0.000

Type  : Slow 1100mV 0C Model Minimum Pulse Width 'inst4|inst4|vgaclk_inst|altera_pll_i|general[0].gpll~FRACTIONAL_PLL|vcoph[0]'
Slack : 0.497
TNS   : 0.000

Type  : Slow 1100mV 0C Model Minimum Pulse Width 'CLOCK_50'
Slack : 9.980
TNS   : 0.000

Type  : Slow 1100mV 0C Model Minimum Pulse Width 'inst4|inst4|vgaclk_inst|altera_pll_i|general[0].gpll~PLL_OUTPUT_COUNTER|divclk'
Slack : 18.446
TNS   : 0.000

Type  : Fast 1100mV 85C Model Setup 'ID_EX_PIPE:inst14|instr_out[0]'
Slack : -7.927
TNS   : -243.216

Type  : Fast 1100mV 85C Model Setup 'inst4|inst4|vgaclk_inst|altera_pll_i|general[0].gpll~PLL_OUTPUT_COUNTER|divclk'
Slack : -5.155
TNS   : -145.681

Type  : Fast 1100mV 85C Model Setup 'KEY[0]'
Slack : -5.145
TNS   : -317.816

Type  : Fast 1100mV 85C Model Hold 'KEY[0]'
Slack : -2.914
TNS   : -57.559

Type  : Fast 1100mV 85C Model Hold 'inst4|inst4|vgaclk_inst|altera_pll_i|general[0].gpll~PLL_OUTPUT_COUNTER|divclk'
Slack : 0.135
TNS   : 0.000

Type  : Fast 1100mV 85C Model Hold 'ID_EX_PIPE:inst14|instr_out[0]'
Slack : 0.323
TNS   : 0.000

Type  : Fast 1100mV 85C Model Recovery 'ID_EX_PIPE:inst14|instr_out[0]'
Slack : -6.079
TNS   : -183.075

Type  : Fast 1100mV 85C Model Removal 'ID_EX_PIPE:inst14|instr_out[0]'
Slack : 0.128
TNS   : 0.000

Type  : Fast 1100mV 85C Model Minimum Pulse Width 'KEY[0]'
Slack : -2.174
TNS   : -444.709

Type  : Fast 1100mV 85C Model Minimum Pulse Width 'ID_EX_PIPE:inst14|instr_out[0]'
Slack : 0.232
TNS   : 0.000

Type  : Fast 1100mV 85C Model Minimum Pulse Width 'inst4|inst4|vgaclk_inst|altera_pll_i|general[0].gpll~FRACTIONAL_PLL|vcoph[0]'
Slack : 0.497
TNS   : 0.000

Type  : Fast 1100mV 85C Model Minimum Pulse Width 'CLOCK_50'
Slack : 9.643
TNS   : 0.000

Type  : Fast 1100mV 85C Model Minimum Pulse Width 'inst4|inst4|vgaclk_inst|altera_pll_i|general[0].gpll~PLL_OUTPUT_COUNTER|divclk'
Slack : 18.784
TNS   : 0.000

Type  : Fast 1100mV 0C Model Setup 'ID_EX_PIPE:inst14|instr_out[0]'
Slack : -7.332
TNS   : -226.856

Type  : Fast 1100mV 0C Model Setup 'inst4|inst4|vgaclk_inst|altera_pll_i|general[0].gpll~PLL_OUTPUT_COUNTER|divclk'
Slack : -4.886
TNS   : -139.266

Type  : Fast 1100mV 0C Model Setup 'KEY[0]'
Slack : -4.200
TNS   : -264.037

Type  : Fast 1100mV 0C Model Hold 'KEY[0]'
Slack : -2.836
TNS   : -56.509

Type  : Fast 1100mV 0C Model Hold 'inst4|inst4|vgaclk_inst|altera_pll_i|general[0].gpll~PLL_OUTPUT_COUNTER|divclk'
Slack : 0.122
TNS   : 0.000

Type  : Fast 1100mV 0C Model Hold 'ID_EX_PIPE:inst14|instr_out[0]'
Slack : 0.299
TNS   : 0.000

Type  : Fast 1100mV 0C Model Recovery 'ID_EX_PIPE:inst14|instr_out[0]'
Slack : -5.740
TNS   : -173.487

Type  : Fast 1100mV 0C Model Removal 'ID_EX_PIPE:inst14|instr_out[0]'
Slack : 0.125
TNS   : 0.000

Type  : Fast 1100mV 0C Model Minimum Pulse Width 'KEY[0]'
Slack : -2.174
TNS   : -424.813

Type  : Fast 1100mV 0C Model Minimum Pulse Width 'ID_EX_PIPE:inst14|instr_out[0]'
Slack : 0.274
TNS   : 0.000

Type  : Fast 1100mV 0C Model Minimum Pulse Width 'inst4|inst4|vgaclk_inst|altera_pll_i|general[0].gpll~FRACTIONAL_PLL|vcoph[0]'
Slack : 0.497
TNS   : 0.000

Type  : Fast 1100mV 0C Model Minimum Pulse Width 'CLOCK_50'
Slack : 9.632
TNS   : 0.000

Type  : Fast 1100mV 0C Model Minimum Pulse Width 'inst4|inst4|vgaclk_inst|altera_pll_i|general[0].gpll~PLL_OUTPUT_COUNTER|divclk'
Slack : 18.786
TNS   : 0.000

------------------------------------------------------------
